{
  "orphaned": {
    "bankAccounts": [
      {
        "_id": "10000000-0000-0000-0000-000000000015",
        "accountantManaged": "none",
        "aggregatorName": null,
        "bankId": "10000000-0000-0000-0000-000000000001",
        "bankName": "MI TEST BANK",
        "missing": true,
        "missingOnOrg": true,
        "organisationId": "10000000-0000-0000-0000-000000000004",
        "status": "active",
        "transactionCount": 2,
        "unresolvedCount": 2
      },
      {
        "_id": "20000000-0000-0000-0000-000000000015",
        "accountantManaged": "none",
        "aggregatorName": null,
        "bankId": "10000000-0000-0000-0000-000000000001",
        "bankName": "MI TEST BANK",
        "missing": true,
        "missingOnOrg": true,
        "organisationId": "20000000-0000-0000-0000-000000000004",
        "status": "active",
        "transactionCount": 2,
        "unresolvedCount": 2
      },
      {
        "_id": "20000000-0000-0000-0000-000000000016",
        "accountantManaged": "none",
        "aggregatorName": "plaid",
        "bankId": "10000000-0000-0000-0000-000000000001",
        "bankName": "MI TEST BANK",
        "missing": true,
        "missingOnOrg": false,
        "organisationId": "20000000-0000-0000-0000-999999999999",
        "status": "active",
        "transactionCount": 2,
        "unresolvedCount": 2
      },
      {
        "_id": "10000000-0000-0000-0000-000000000016",
        "accountantManaged": "none",
        "aggregatorName": "plaid",
        "bankId": "10000000-0000-0000-0000-000000000001",
        "bankName": "MI TEST BANK",
        "missing": true,
        "missingOnOrg": false,
        "organisationId": "10000000-0000-0000-0000-999999999999",
        "status": "active",
        "transactionCount": 2,
        "unresolvedCount": 2
      }
    ],
    "transactions": {
      "absoluteAverageValue": 1.5,
      "absoluteTotalCount": 8,
      "absoluteTotalValue": 12,
      "creditsAverageValue": 1,
      "creditsMaxValue": 1,
      "creditsTotalCount": 4,
      "creditsTotalValue": 4,
      "debitsAverageValue": -2,
      "debitsMaxValue": -2,
      "debitsTotalCount": 4,
      "debitsTotalValue": -8
    },
    "unresolved": {
      "absoluteAverageValue": 1.5,
      "absoluteTotalCount": 8,
      "absoluteTotalValue": 12,
      "creditsAverageValue": 1,
      "creditsMaxValue": 1,
      "creditsTotalCount": 4,
      "creditsTotalValue": 4,
      "debitsAverageValue": -2,
      "debitsMaxValue": -2,
      "debitsTotalCount": 4,
      "debitsTotalValue": -8
    }
  },
  "products": [
    {
      "bankAccounts": {
        "accountantManaged": 6,
        "missing": 2,
        "statuses": {
          "active": 14,
          "authRequired": 2,
          "cancelled": 2,
          "inactiveClient": 2,
          "inactiveFeed": 2,
          "invalid": 2,
          "pending": 2,
          "verifyingAuth": 2
        },
        "total": 28,
        "transactionsMax": 101,
        "unresolvedMax": 101
      },
      "companies": {
        "bankAccountsMax": 8,
        "missing": 0,
        "total": 8
      },
      "organisations": {
        "bankAccountsMax": 9,
        "companiesMax": 2,
        "total": 8
      },
      "productId": "10000000-0000-0000-0000-000000000001",
      "productName": "MI TEST PRODUCT",
      "transactions": {
        "absoluteAverageValue": 185,
        "absoluteTotalCount": 222,
        "absoluteTotalValue": 41036,
        "creditsAverageValue": 184,
        "creditsMaxValue": 101,
        "creditsTotalCount": 111,
        "creditsTotalValue": 20412,
        "debitsAverageValue": 186,
        "debitsMaxValue": 100,
        "debitsTotalCount": 111,
        "debitsTotalValue": 20624
      },
      "unresolved": {
        "absoluteAverageValue": 0,
        "absoluteTotalCount": 0,
        "absoluteTotalValue": 0,
        "creditsAverageValue": 0,
        "creditsMaxValue": 0,
        "creditsTotalCount": 0,
        "creditsTotalValue": 0,
        "debitsAverageValue": 0,
        "debitsMaxValue": 0,
        "debitsTotalCount": 0,
        "debitsTotalValue": 0
      }
    }
  ]
}