{
  "csv": "Product,Organisations,Companies,BankAccounts,ActiveBankAccounts,Transactions,TotalCredit,TotalDebit,TotalAbsolute\nMI TEST PRODUCT,6,8,30,26,444,104.24,-102.40,206.64",
  "orphaned": {
    "bankAccounts": [
      {
        "_id": "10000000-0000-0000-0000-000000000018",
        "accountantManaged": "none",
        "aggregatorName": null,
        "bankId": "10000000-0000-0000-0000-000000000001",
        "bankName": "MI TEST BANK",
        "missing": true,
        "missingOnOrg": true,
        "organisationId": "10000000-0000-0000-0000-000000000003",
        "status": "active",
        "transactionCount": 2,
        "unresolvedCount": 2,
        "accountType": "CREDIT",
        "dataProvider": "direct",
        "companyId": "10000000-0000-0000-0000-000000000004",
        "siteNotSupported": false,
        "primaryCountry": "GBR"
      },
      {
        "_id": "20000000-0000-0000-0000-000000000018",
        "accountantManaged": "none",
        "aggregatorName": null,
        "bankId": "10000000-0000-0000-0000-000000000001",
        "bankName": "MI TEST BANK",
        "missing": true,
        "missingOnOrg": true,
        "organisationId": "20000000-0000-0000-0000-000000000003",
        "status": "active",
        "transactionCount": 2,
        "unresolvedCount": 2,
        "accountType": "CREDIT",
        "dataProvider": "direct",
        "companyId": "20000000-0000-0000-0000-000000000003",
        "siteNotSupported": false,
        "primaryCountry": "USA"
      },
      {
        "_id": "20000000-0000-0000-0000-000000000019",
        "accountantManaged": "none",
        "aggregatorName": "plaid",
        "bankId": "10000000-0000-0000-0000-000000000001",
        "bankName": "MI TEST BANK",
        "missing": true,
        "missingOnOrg": false,
        "organisationId": "20000000-0000-0000-0000-999999999999",
        "status": "active",
        "transactionCount": 2,
        "unresolvedCount": 2,
        "accountType": "CREDIT",
        "dataProvider": "direct",
        "companyId": "9c59e35f-a116-405f-b3ef-8d231fa38bd7",
        "siteNotSupported": false,
        "primaryCountry": "USA"
      },
      {
        "_id": "10000000-0000-0000-0000-000000000019",
        "accountantManaged": "none",
        "aggregatorName": "plaid",
        "bankId": "10000000-0000-0000-0000-000000000001",
        "bankName": "MI TEST BANK",
        "missing": true,
        "missingOnOrg": false,
        "organisationId": "10000000-0000-0000-0000-999999999999",
        "status": "active",
        "transactionCount": 2,
        "unresolvedCount": 2,
        "accountType": "CREDIT",
        "dataProvider": "direct",
        "companyId": "10000000-0000-0000-0000-999999999991",
        "siteNotSupported": false,
        "primaryCountry": "GBR"
      }
    ],
    "transactions": {
      "absoluteAverageValue": 1.5,
      "absoluteTotalCount": 8,
      "absoluteTotalValue": 12,
      "creditsAverageValue": 1,
      "creditsMaxValue": 1,
      "creditsTotalCount": 4,
      "creditsTotalValue": 4,
      "debitsAverageValue": -2,
      "debitsMaxValue": -2,
      "debitsTotalCount": 4,
      "debitsTotalValue": -8
    }
  },
  "products": [
    {
      "bankAccounts": {
        "accountantManaged": 6,
        "missing": 2,
        "statuses": {
          "active": 14,
          "authRequired": 2,
          "autoCancelled": 2,
          "cancelled": 2,
          "inactiveClient": 2,
          "inactiveFeed": 2,
          "invalid": 2,
          "pending": 2,
          "verifyingAuth": 2
        },
        "total": 30,
        "transactionsMax": 101,
        "unresolvedMax": 101,
        "siteNotSupported": 4
      },
      "companies": {
        "bankAccountsMax": 9,
        "missing": 0,
        "total": 8
      },
      "organisations": {
        "bankAccountsMax": 10,
        "companiesMax": 2,
        "total": 6
      },
      "productId": "10000000-0000-0000-0000-000000000001",
      "productName": "MI TEST PRODUCT",
      "transactions": {
        "absoluteAverageValue": 46.54,
        "absoluteTotalCount": 444,
        "absoluteTotalValue": 20664,
        "creditsAverageValue": 46.54,
        "creditsMaxValue": 101,
        "creditsTotalCount": 224,
        "creditsTotalValue": 10424,
        "debitsAverageValue": -46.55,
        "debitsMaxValue": -100,
        "debitsTotalCount": 220,
        "debitsTotalValue": -10240
      }
    }
  ]
}